Microchip MPLAB XC8 Compiler V2.00 ()

Linker command line:

-W-3 --edf=C:\Program Files (x86)\Microchip\xc8\v2.00\pic\dat\en_msgs.txt \
  -cs -h+dist/default/production\UART1946.X.production.sym \
  --cmf=dist/default/production\UART1946.X.production.cmf -z -Q16F1946 \
  -oC:\Users\vanda\AppData\Local\Temp\s1e4.2 --defsym=__MPLAB_BUILD=1 \
  -Mdist/default/production/UART1946.X.production.map -E1 -ver=XC8 \
  --acfsm=1493 -ASTACK=020D7h-021efh -pstack=STACK -ACODE=00h-07FFhx4 \
  -ASTRCODE=00h-01FFFh -ASTRING=00h-0FFhx32 -ACONST=00h-0FFhx32 \
  -AENTRY=00h-0FFhx32 -ACOMMON=070h-07Fh -ABANK0=020h-06Fh \
  -ABANK1=0A0h-0EFh -ABANK2=0120h-016Fh -ABANK3=01A0h-01EFh \
  -ABANK4=0220h-026Fh -ABANK5=02A0h-02EFh -ABANK6=0320h-032Fh \
  -ABIGRAM=02000h-021EFh \
  -ARAM=020h-06Fh,0A0h-0EFh,0120h-016Fh,01A0h-01EFh,0220h-026Fh,02A0h-02EFh,0320h-032Fh \
  -AABS1=020h-07Fh,0A0h-0EFh,0120h-016Fh,01A0h-01EFh,0220h-026Fh,02A0h-02EFh,0320h-032Fh \
  -ASFR0=00h-01Fh -ASFR1=080h-09Fh -ASFR2=0100h-011Fh -ASFR3=0180h-019Fh \
  -ASFR4=0200h-021Fh -ASFR5=0280h-029Fh -ASFR6=0300h-031Fh \
  -ASFR7=0380h-03EFh -ASFR8=0400h-046Fh -ASFR9=0480h-04EFh \
  -ASFR10=0500h-056Fh -ASFR11=0580h-05EFh -ASFR12=0600h-066Fh \
  -ASFR13=0680h-06EFh -ASFR14=0700h-076Fh -ASFR15=0780h-07EFh \
  -ASFR16=0800h-086Fh -ASFR17=0880h-08EFh -ASFR18=0900h-096Fh \
  -ASFR19=0980h-09EFh -ASFR20=0A00h-0A6Fh -ASFR21=0A80h-0AEFh \
  -ASFR22=0B00h-0B6Fh -ASFR23=0B80h-0BEFh -ASFR24=0C00h-0C6Fh \
  -ASFR25=0C80h-0CEFh -ASFR26=0D00h-0D6Fh -ASFR27=0D80h-0DEFh \
  -ASFR28=0E00h-0E6Fh -ASFR29=0E80h-0EEFh -ASFR30=0F00h-0F6Fh \
  -ASFR31=0F80h-0FEFh -preset_vec=00h,intentry=04h,init,end_init \
  -ppowerup=CODE -pcinit=CODE -pfunctab=ENTRY -ACONFIG=08007h-08008h \
  -pconfig=CONFIG -DCONFIG=2 -AIDLOC=08000h-08003h -pidloc=IDLOC -DIDLOC=2 \
  -AEEDATA=00h-0FFh/0F000h -peeprom_data=EEDATA -DEEDATA=2 -DCODE=2 \
  -DSTRCODE=2 -DSTRING=2 -DCONST=2 -DENTRY=2 -k \
  C:\Users\vanda\AppData\Local\Temp\s1e4.o \
  dist/default/production\UART1946.X.production.o 

Object code version is 3.11

Machine type is 16F1946



                Name                               Link     Load   Length Selector   Space Scale
C:\Users\vanda\AppData\Local\Temp\s1e4.o
                end_init                            12E      12E        2        8       0
                reset_vec                             0        0        2        0       0
                idloc                              8000     8000        4    10000       0
                config                             8007     8007        2    1000E       0
dist/default/production\UART1946.X.production.o
                cinit                               130      130       1D        8       0
                intentry                              4        4      12A        8       0
                text26                              6B0      6B0       B1      A9A       0
                text25                              C58      C58       4D     18B0       0
                text24                              D65      D65       7A     1ACA       0
                text23                              DDF      DDF       7A     1BBE       0
                text22                              B1A      B1A        B     1634       0
                text21                              B5D      B5D       1F     16BA       0
                text20                              BCB      BCB       2F     1796       0
                text19                              BFA      BFA       2F     17F4       0
                text18                              C29      C29       2F     1852       0
                text17                              B0E      B0E        6     161C       0
                text16                              B33      B33       15     1666       0
                text15                              ED3      ED3       7E     1DA6       0
                text13                              5FF      5FF       B1      A9A       0
                text12                              CA5      CA5       4E     194A       0
                text11                              E59      E59       7A     1CB2       0
                text10                              B14      B14        6     1628       0
                text9                               761      761       99      A9A       0
                text8                               54D      54D       B2      A9A       0
                text7                               B48      B48       15     1690       0
                text6                               B7C      B7C       23     16F8       0
                text5                               F51      F51       AF     1EA2       0
                text4                               B04      B04        5     1608       0
                text3                               B25      B25        E     164A       0
                text2                               B9F      B9F       2C     173E       0
                text1                               B09      B09        5     1612       0
                maintext                            CF3      CF3       72     19E6       0
                cstackBANK0                          20       20       3F       20       1
                cstackCOMMON                         70       70        D       70       1
                cstackBANK1                          A0       A0       38       A0       1
                clrtext                             7FA      7FA        6      A9A       0
                bssBANK2                            120      120       37      120       1
                bssBANK1                             D8       D8       13       A0       1
                bssBANK0                             5F       5F       10       20       1
                bssCOMMON                            7D       7D        1       70       1
                stringtext6                        1000     1000        5     2000       0
                stringtext5                        100D     100D        2     2000       0
                stringtext4                        100B     100B        2     2000       0
                stringtext3                        1009     1009        2     2000       0
                stringtext2                        1005     1005        4     2000       0
                stringtext1                         14D      14D      400      29A       0

TOTAL           Name                               Link     Load   Length     Space
        CLASS   STACK          

        CLASS   CODE           
                end_init                            12E      12E        2         0
                cinit                               130      130       1D         0
                intentry                              4        4      12A         0
                reset_vec                             0        0        2         0
                text26                              6B0      6B0       B1         0
                text25                              C58      C58       4D         0
                text24                              D65      D65       7A         0
                text23                              DDF      DDF       7A         0
                text22                              B1A      B1A        B         0
                text21                              B5D      B5D       1F         0
                text20                              BCB      BCB       2F         0
                text19                              BFA      BFA       2F         0
                text18                              C29      C29       2F         0
                text17                              B0E      B0E        6         0
                text16                              B33      B33       15         0
                text15                              ED3      ED3       7E         0
                text13                              5FF      5FF       B1         0
                text12                              CA5      CA5       4E         0
                text11                              E59      E59       7A         0
                text10                              B14      B14        6         0
                text9                               761      761       99         0
                text8                               54D      54D       B2         0
                text7                               B48      B48       15         0
                text6                               B7C      B7C       23         0
                text5                               F51      F51       AF         0
                text4                               B04      B04        5         0
                text3                               B25      B25        E         0
                text2                               B9F      B9F       2C         0
                text1                               B09      B09        5         0
                maintext                            CF3      CF3       72         0
                clrtext                             7FA      7FA        6         0

        CLASS   STRCODE        
                stringtext6                        1000     1000        5         0
                stringtext5                        100D     100D        2         0
                stringtext4                        100B     100B        2         0
                stringtext3                        1009     1009        2         0
                stringtext2                        1005     1005        4         0
                stringtext1                         14D      14D      400         0

        CLASS   STRING         

        CLASS   CONST          

        CLASS   ENTRY          

        CLASS   COMMON         
                cstackCOMMON                         70       70        D         1
                bssCOMMON                            7D       7D        1         1

        CLASS   BANK0          
                cstackBANK0                          20       20       3F         1
                bssBANK0                             5F       5F       10         1

        CLASS   BANK1          
                cstackBANK1                          A0       A0       38         1
                bssBANK1                             D8       D8       13         1

        CLASS   BANK2          
                bssBANK2                            120      120       37         1

        CLASS   BANK3          

        CLASS   BANK4          

        CLASS   BANK5          

        CLASS   BANK6          

        CLASS   BIGRAM         

        CLASS   RAM            

        CLASS   ABS1           
                abs_s1                               7E       7E        2         1

        CLASS   SFR0           

        CLASS   SFR1           

        CLASS   SFR2           

        CLASS   SFR3           

        CLASS   SFR4           

        CLASS   SFR5           

        CLASS   SFR6           

        CLASS   SFR7           

        CLASS   SFR8           

        CLASS   SFR9           

        CLASS   SFR10          

        CLASS   SFR11          

        CLASS   SFR12          

        CLASS   SFR13          

        CLASS   SFR14          

        CLASS   SFR15          

        CLASS   SFR16          

        CLASS   SFR17          

        CLASS   SFR18          

        CLASS   SFR19          

        CLASS   SFR20          

        CLASS   SFR21          

        CLASS   SFR22          

        CLASS   SFR23          

        CLASS   SFR24          

        CLASS   SFR25          

        CLASS   SFR26          

        CLASS   SFR27          

        CLASS   SFR28          

        CLASS   SFR29          

        CLASS   SFR30          

        CLASS   SFR31          

        CLASS   CONFIG         
                config                             8007     8007        2         0

        CLASS   IDLOC          
                idloc                              8000     8000        4         0

        CLASS   EEDATA         

        CLASS   BANK31         

        CLASS   BANK30         

        CLASS   BANK29         

        CLASS   BANK28         

        CLASS   BANK27         

        CLASS   BANK26         

        CLASS   BANK25         

        CLASS   BANK24         

        CLASS   BANK23         

        CLASS   BANK22         

        CLASS   BANK21         

        CLASS   BANK20         

        CLASS   BANK19         

        CLASS   BANK18         

        CLASS   BANK17         

        CLASS   BANK16         

        CLASS   BANK15         

        CLASS   BANK14         

        CLASS   BANK13         

        CLASS   BANK12         

        CLASS   BANK11         

        CLASS   BANK10         

        CLASS   BANK9          

        CLASS   BANK8          

        CLASS   BANK7          



SEGMENTS        Name                           Load    Length   Top    Selector   Space  Class     Delta

                reset_vec                      000000  000002  000002         0       0  CODE        2
                intentry                       000004  000149  00014D         8       0  CODE        2
                cstackBANK0                    000020  00004F  00006F        20       1  BANK0       1
                cstackCOMMON                   000070  00000E  00007E        70       1  COMMON      1
                cstackBANK1                    0000A0  00004B  0000EB        A0       1  BANK1       1
                bssBANK2                       000120  000037  000157       120       1  BANK2       1
                stringtext1                    00014D  000400  00054D       29A       0  STRCODE     2
                text8                          00054D  0002B3  000800       A9A       0  CODE        2
                text4                          000B04  000005  000B09      1608       0  CODE        2
                text1                          000B09  000005  000B0E      1612       0  CODE        2
                text17                         000B0E  000006  000B14      161C       0  CODE        2
                text10                         000B14  000006  000B1A      1628       0  CODE        2
                text22                         000B1A  00000B  000B25      1634       0  CODE        2
                text3                          000B25  00000E  000B33      164A       0  CODE        2
                text16                         000B33  000015  000B48      1666       0  CODE        2
                text7                          000B48  000015  000B5D      1690       0  CODE        2
                text21                         000B5D  00001F  000B7C      16BA       0  CODE        2
                text6                          000B7C  000023  000B9F      16F8       0  CODE        2
                text2                          000B9F  00002C  000BCB      173E       0  CODE        2
                text20                         000BCB  00002F  000BFA      1796       0  CODE        2
                text19                         000BFA  00002F  000C29      17F4       0  CODE        2
                text18                         000C29  00002F  000C58      1852       0  CODE        2
                text25                         000C58  00004D  000CA5      18B0       0  CODE        2
                text12                         000CA5  00004E  000CF3      194A       0  CODE        2
                maintext                       000CF3  000072  000D65      19E6       0  CODE        2
                text24                         000D65  00007A  000DDF      1ACA       0  CODE        2
                text23                         000DDF  00007A  000E59      1BBE       0  CODE        2
                text11                         000E59  00007A  000ED3      1CB2       0  CODE        2
                text15                         000ED3  00007E  000F51      1DA6       0  CODE        2
                text5                          000F51  0000AF  001000      1EA2       0  CODE        2
                stringtext6                    001000  00000F  00100F      2000       0  STRCODE     2
                idloc                          008000  000004  008004     10000       0  IDLOC       2
                config                         008007  000002  008009     1000E       0  CONFIG      2


UNUSED ADDRESS RANGES

        Name                Unused          Largest block    Delta
        BANK0            0006F-0006F               1           1
        BANK1            000EB-000EF               5           1
        BANK2            00157-0016F              19           1
        BANK3            001A0-001EF              50           1
        BANK4            00220-0026F              50           1
        BANK5            002A0-002EF              50           1
        BANK6            00320-0032F              10           1
        BIGRAM           02000-021EF             1F0           1
        CODE             00002-00003               2           2
                         00800-00B03             304
                         0100F-01FFF             7F1
        CONST            00002-00003               2           2
                         00800-00B03             100
                         0100F-01FFF             100
        EEDATA           0F000-0F0FF             100           2
        ENTRY            00002-00003               2           2
                         00800-00B03             100
                         0100F-01FFF             100
        RAM              0006F-0006F               1           1
                         000EB-000EF               5
                         00157-0016F              19
                         001A0-001EF              50
                         00220-0026F              50
                         002A0-002EF              50
                         00320-0032F              10
        SFR0             00000-0001F              20           1
        SFR1             00080-0009F              20           1
        SFR10            00500-0056F              70           1
        SFR11            00580-005EF              70           1
        SFR12            00600-0066F              70           1
        SFR13            00680-006EF              70           1
        SFR14            00700-0076F              70           1
        SFR15            00780-007EF              70           1
        SFR16            00800-0086F              70           1
        SFR17            00880-008EF              70           1
        SFR18            00900-0096F              70           1
        SFR19            00980-009EF              70           1
        SFR2             00100-0011F              20           1
        SFR20            00A00-00A6F              70           1
        SFR21            00A80-00AEF              70           1
        SFR22            00B00-00B6F              70           1
        SFR23            00B80-00BEF              70           1
        SFR24            00C00-00C6F              70           1
        SFR25            00C80-00CEF              70           1
        SFR26            00D00-00D6F              70           1
        SFR27            00D80-00DEF              70           1
        SFR28            00E00-00E6F              70           1
        SFR29            00E80-00EEF              70           1
        SFR3             00180-0019F              20           1
        SFR30            00F00-00F6F              70           1
        SFR31            00F80-00FEF              70           1
        SFR4             00200-0021F              20           1
        SFR5             00280-0029F              20           1
        SFR6             00300-0031F              20           1
        SFR7             00380-003EF              70           1
        SFR8             00400-0046F              70           1
        SFR9             00480-004EF              70           1
        STACK            020D7-021EF             119           1
        STRCODE          00002-00003               2           2
                         00800-00B03             304
                         0100F-01FFF             FF1
        STRING           00002-00003               2           2
                         00800-00B03             100
                         0100F-01FFF             100

                                  Symbol Table

?___aldiv                                 cstackBANK1  000A0
?_crc16                                   cstackBANK1  000A0
?i1_crc16                                 cstackCOMMON 00070
CONVERT_Data_11Byte@F4687                 bssBANK2     00138
CONVERT_Data_11Byte@F4689                 bssBANK2     0012D
CONVERT_Data_11Byte@F4692                 bssBANK0     0006B
CONVERT_Data_11Byte@crc                   cstackBANK0  00043
CONVERT_Data_11Byte@i                     cstackBANK0  00045
CONVERT_Data_11Byte@input                 cstackBANK0  00040
CONVERT_Data_11Byte@input_ref             cstackBANK0  00035
CONVERT_Data_11Byte@output                cstackBANK0  00041
CONVERT_Data_11Byte@output_ref            cstackCOMMON 0007C
CONVERT_Data_11Byte@txt                   cstackBANK0  0002A
CONVERT_Data_1@F4665                      bssBANK1     000DE
CONVERT_Data_1@F4667                      bssBANK1     000D8
CONVERT_Data_1@F4670                      bssBANK1     000E6
CONVERT_Data_1@crc                        cstackBANK1  000C6
CONVERT_Data_1@i                          cstackBANK1  000C8
CONVERT_Data_1@input                      cstackBANK1  000C5
CONVERT_Data_1@input_ref                  cstackBANK1  000BD
CONVERT_Data_1@output                     cstackBANK1  000C3
CONVERT_Data_1@output_ref                 cstackBANK1  000B4
CONVERT_Data_1@txt                        cstackBANK1  000B7
CONVERT_Data_5Byte@F4676                  bssBANK0     00064
CONVERT_Data_5Byte@F4678                  bssBANK0     0005F
CONVERT_Data_5Byte@F4681                  bssBANK0     0006D
CONVERT_Data_5Byte@crc                    cstackBANK0  00037
CONVERT_Data_5Byte@i                      cstackBANK0  00039
CONVERT_Data_5Byte@input                  cstackBANK0  00034
CONVERT_Data_5Byte@input_ref              cstackBANK0  0002F
CONVERT_Data_5Byte@output                 cstackBANK0  00035
CONVERT_Data_5Byte@output_ref             cstackCOMMON 0007C
CONVERT_Data_5Byte@txt                    cstackBANK0  0002A
CONVERT_Data_6Byte@F4654                  bssBANK2     00151
CONVERT_Data_6Byte@F4656                  bssBANK2     0014B
CONVERT_Data_6Byte@F4659                  bssBANK1     000E8
ISR@F4698                                 bssBANK2     00120
ISR@F4700                                 bssBANK0     00069
ISR@crc_code_1                            cstackBANK0  0005D
ISR@data1                                 cstackBANK0  0004C
ISR@flag                                  cstackBANK0  0005C
ISR@i                                     cstackBANK0  00059
ISR@len                                   cstackBANK0  0005B
UART2_Init@baudrate                       cstackBANK1  000AF
UART2_Init@x                              cstackBANK1  000BB
UART2_Read_Text@Output                    cstackBANK1  000A4
UART2_Read_Text@i                         cstackBANK1  000A5
UART2_Read_Text@length                    cstackBANK1  000A0
UART2_Write@data                          cstackCOMMON 00070
UART2_Write_Text@i                        cstackCOMMON 00074
UART2_Write_Text@text                     cstackCOMMON 00071
UART2_Write_Text_Phan_Tu_Thu_13@i         cstackCOMMON 00073
UART2_Write_Text_Phan_Tu_Thu_13@text      cstackCOMMON 00072
UART2_Write_Text_Phan_Tu_Thu_7@i          cstackCOMMON 00073
UART2_Write_Text_Phan_Tu_Thu_7@text       cstackCOMMON 00072
UART2_Write_Text_Phan_Tu_Thu_8@i          cstackCOMMON 00073
UART2_Write_Text_Phan_Tu_Thu_8@text       cstackCOMMON 00072
UART_Init@baudrate                        cstackBANK1  000AF
UART_Init@x                               cstackBANK1  000BB
UART_Write@data                           cstackBANK1  000A0
UART_Write_Text_Length@count              cstackBANK1  000A5
UART_Write_Text_Length@length             cstackBANK1  000A1
UART_Write_Text_Length@str                cstackBANK1  000A4
_ANSELG                                   (abs)        0040D
_CONVERT_Data_1                           text11       00E59
_CONVERT_Data_11Byte                      text24       00D65
_CONVERT_Data_5Byte                       text23       00DDF
_CRC16_INIT                               stringtext3  01009
_CRC16_POLYNOMIAL                         stringtext4  0100B
_CRC8_INIT                                stringtext5  0100D
_CRC8_POLYNOMIAL                          stringtext6  01000
_INTCON                                   (abs)        0000B
_ISR                                      intentry     00004
_OSCCON                                   (abs)        00099
_PIE1bits                                 (abs)        00091
_PIR1bits                                 (abs)        00011
_PIR4bits                                 (abs)        00014
_RC1REG                                   (abs)        00199
_RC1STAbits                               (abs)        0019D
_RC2REG                                   (abs)        00491
_RC2STAbits                               (abs)        00495
_SP1BRGL                                  (abs)        0019B
_SP2BRGL                                  (abs)        00493
_TRISC6                                   (abs)        00476
_TRISC7                                   (abs)        00477
_TRISG1                                   (abs)        01869
_TRISG2                                   (abs)        0186A
_TX1REG                                   (abs)        0019A
_TX1STAbits                               (abs)        0019E
_TX2REG                                   (abs)        00492
_TX2STAbits                               (abs)        00496
_UART2_Data_Ready                         text10       00B14
_UART2_Init                               text8        0054D
_UART2_Read                               text7        00B48
_UART2_Read_Text                          text6        00B7C
_UART2_Write                              text22       00B1A
_UART2_Write_Text                         text21       00B5D
_UART2_Write_Text_Phan_Tu_Thu_13          text20       00BCB
_UART2_Write_Text_Phan_Tu_Thu_7           text19       00BFA
_UART2_Write_Text_Phan_Tu_Thu_8           text18       00C29
_UART_Data_Ready                          text17       00B0E
_UART_Init                                text5        00F51
_UART_Read                                text16       00B33
_UART_TX_Empty                            text4        00B04
_UART_Write                               text3        00B25
_UART_Write_Text_Length                   text2        00B9F
__CFG_BOREN$ON                            (abs)        00000
__CFG_BORV$LO                             (abs)        00000
__CFG_CLKOUTEN$OFF                        (abs)        00000
__CFG_CP$OFF                              (abs)        00000
__CFG_CPD$OFF                             (abs)        00000
__CFG_FCMEN$ON                            (abs)        00000
__CFG_FOSC$INTOSC                         (abs)        00000
__CFG_IESO$ON                             (abs)        00000
__CFG_LVP$ON                              (abs)        00000
__CFG_MCLRE$ON                            (abs)        00000
__CFG_PLLEN$ON                            (abs)        00000
__CFG_PWRTE$OFF                           (abs)        00000
__CFG_STVREN$ON                           (abs)        00000
__CFG_VCAPEN$OFF                          (abs)        00000
__CFG_WDTE$OFF                            (abs)        00000
__CFG_WRT$OFF                             (abs)        00000
__Habs1                                   abs1         00000
__Hbank0                                  bank0        00000
__Hbank1                                  bank1        00000
__Hbank10                                 bank10       00000
__Hbank11                                 bank11       00000
__Hbank12                                 bank12       00000
__Hbank13                                 bank13       00000
__Hbank14                                 bank14       00000
__Hbank15                                 bank15       00000
__Hbank16                                 bank16       00000
__Hbank17                                 bank17       00000
__Hbank18                                 bank18       00000
__Hbank19                                 bank19       00000
__Hbank2                                  bank2        00000
__Hbank20                                 bank20       00000
__Hbank21                                 bank21       00000
__Hbank22                                 bank22       00000
__Hbank23                                 bank23       00000
__Hbank24                                 bank24       00000
__Hbank25                                 bank25       00000
__Hbank26                                 bank26       00000
__Hbank27                                 bank27       00000
__Hbank28                                 bank28       00000
__Hbank29                                 bank29       00000
__Hbank3                                  bank3        00000
__Hbank30                                 bank30       00000
__Hbank31                                 bank31       00000
__Hbank4                                  bank4        00000
__Hbank5                                  bank5        00000
__Hbank6                                  bank6        00000
__Hbank7                                  bank7        00000
__Hbank8                                  bank8        00000
__Hbank9                                  bank9        00000
__Hbigram                                 bigram       00000
__HbssBANK0                               bssBANK0     00000
__HbssBANK1                               bssBANK1     00000
__HbssBANK2                               bssBANK2     00000
__HbssCOMMON                              bssCOMMON    00000
__Hcinit                                  cinit        0014D
__Hclrtext                                clrtext      00000
__Hcode                                   code         00000
__Hcommon                                 common       00000
__Hconfig                                 config       08009
__HcstackBANK0                            cstackBANK0  00000
__HcstackBANK1                            cstackBANK1  00000
__HcstackCOMMON                           cstackCOMMON 00000
__Heeprom_data                            eeprom_data  00000
__Hend_init                               end_init     00130
__Hfunctab                                functab      00000
__Hidloc                                  idloc        08004
__Hinit                                   init         0012E
__Hintentry                               intentry     0012E
__Hmaintext                               maintext     00000
__Hpowerup                                powerup      00000
__Hram                                    ram          00000
__Hreset_vec                              reset_vec    00002
__Hsfr0                                   sfr0         00000
__Hsfr1                                   sfr1         00000
__Hsfr10                                  sfr10        00000
__Hsfr11                                  sfr11        00000
__Hsfr12                                  sfr12        00000
__Hsfr13                                  sfr13        00000
__Hsfr14                                  sfr14        00000
__Hsfr15                                  sfr15        00000
__Hsfr16                                  sfr16        00000
__Hsfr17                                  sfr17        00000
__Hsfr18                                  sfr18        00000
__Hsfr19                                  sfr19        00000
__Hsfr2                                   sfr2         00000
__Hsfr20                                  sfr20        00000
__Hsfr21                                  sfr21        00000
__Hsfr22                                  sfr22        00000
__Hsfr23                                  sfr23        00000
__Hsfr24                                  sfr24        00000
__Hsfr25                                  sfr25        00000
__Hsfr26                                  sfr26        00000
__Hsfr27                                  sfr27        00000
__Hsfr28                                  sfr28        00000
__Hsfr29                                  sfr29        00000
__Hsfr3                                   sfr3         00000
__Hsfr30                                  sfr30        00000
__Hsfr31                                  sfr31        00000
__Hsfr4                                   sfr4         00000
__Hsfr5                                   sfr5         00000
__Hsfr6                                   sfr6         00000
__Hsfr7                                   sfr7         00000
__Hsfr8                                   sfr8         00000
__Hsfr9                                   sfr9         00000
__Hspace_0                                (abs)        08009
__Hspace_1                                (abs)        00157
__Hspace_2                                (abs)        00000
__Hspace_3                                (abs)        00000
__Hstack                                  stack        00000
__Hstrings                                strings      00000
__Hstringtext1                            stringtext1  00000
__Hstringtext2                            stringtext2  00000
__Hstringtext3                            stringtext3  00000
__Hstringtext4                            stringtext4  00000
__Hstringtext5                            stringtext5  00000
__Hstringtext6                            stringtext6  00000
__Hstringtext7                            stringtext7  00000
__Htext                                   text         00000
__Labs1                                   abs1         00000
__Lbank0                                  bank0        00000
__Lbank1                                  bank1        00000
__Lbank10                                 bank10       00000
__Lbank11                                 bank11       00000
__Lbank12                                 bank12       00000
__Lbank13                                 bank13       00000
__Lbank14                                 bank14       00000
__Lbank15                                 bank15       00000
__Lbank16                                 bank16       00000
__Lbank17                                 bank17       00000
__Lbank18                                 bank18       00000
__Lbank19                                 bank19       00000
__Lbank2                                  bank2        00000
__Lbank20                                 bank20       00000
__Lbank21                                 bank21       00000
__Lbank22                                 bank22       00000
__Lbank23                                 bank23       00000
__Lbank24                                 bank24       00000
__Lbank25                                 bank25       00000
__Lbank26                                 bank26       00000
__Lbank27                                 bank27       00000
__Lbank28                                 bank28       00000
__Lbank29                                 bank29       00000
__Lbank3                                  bank3        00000
__Lbank30                                 bank30       00000
__Lbank31                                 bank31       00000
__Lbank4                                  bank4        00000
__Lbank5                                  bank5        00000
__Lbank6                                  bank6        00000
__Lbank7                                  bank7        00000
__Lbank8                                  bank8        00000
__Lbank9                                  bank9        00000
__Lbigram                                 bigram       00000
__LbssBANK0                               bssBANK0     00000
__LbssBANK1                               bssBANK1     00000
__LbssBANK2                               bssBANK2     00000
__LbssCOMMON                              bssCOMMON    00000
__Lcinit                                  cinit        00130
__Lclrtext                                clrtext      00000
__Lcode                                   code         00000
__Lcommon                                 common       00000
__Lconfig                                 config       08007
__LcstackBANK0                            cstackBANK0  00000
__LcstackBANK1                            cstackBANK1  00000
__LcstackCOMMON                           cstackCOMMON 00000
__Leeprom_data                            eeprom_data  00000
__Lend_init                               end_init     0012E
__Lfunctab                                functab      00000
__Lidloc                                  idloc        08000
__Linit                                   init         0012E
__Lintentry                               intentry     00004
__Lmaintext                               maintext     00000
__Lpowerup                                powerup      00000
__Lram                                    ram          00000
__Lreset_vec                              reset_vec    00000
__Lsfr0                                   sfr0         00000
__Lsfr1                                   sfr1         00000
__Lsfr10                                  sfr10        00000
__Lsfr11                                  sfr11        00000
__Lsfr12                                  sfr12        00000
__Lsfr13                                  sfr13        00000
__Lsfr14                                  sfr14        00000
__Lsfr15                                  sfr15        00000
__Lsfr16                                  sfr16        00000
__Lsfr17                                  sfr17        00000
__Lsfr18                                  sfr18        00000
__Lsfr19                                  sfr19        00000
__Lsfr2                                   sfr2         00000
__Lsfr20                                  sfr20        00000
__Lsfr21                                  sfr21        00000
__Lsfr22                                  sfr22        00000
__Lsfr23                                  sfr23        00000
__Lsfr24                                  sfr24        00000
__Lsfr25                                  sfr25        00000
__Lsfr26                                  sfr26        00000
__Lsfr27                                  sfr27        00000
__Lsfr28                                  sfr28        00000
__Lsfr29                                  sfr29        00000
__Lsfr3                                   sfr3         00000
__Lsfr30                                  sfr30        00000
__Lsfr31                                  sfr31        00000
__Lsfr4                                   sfr4         00000
__Lsfr5                                   sfr5         00000
__Lsfr6                                   sfr6         00000
__Lsfr7                                   sfr7         00000
__Lsfr8                                   sfr8         00000
__Lsfr9                                   sfr9         00000
__Lspace_0                                (abs)        00000
__Lspace_1                                (abs)        00000
__Lspace_2                                (abs)        00000
__Lspace_3                                (abs)        00000
__Lstack                                  stack        00000
__Lstrings                                strings      00000
__Lstringtext1                            stringtext1  00000
__Lstringtext2                            stringtext2  00000
__Lstringtext3                            stringtext3  00000
__Lstringtext4                            stringtext4  00000
__Lstringtext5                            stringtext5  00000
__Lstringtext6                            stringtext6  00000
__Lstringtext7                            stringtext7  00000
__Ltext                                   text         00000
__S0                                      (abs)        08009
__S1                                      (abs)        00157
__S2                                      (abs)        00000
__S3                                      (abs)        00000
___aldiv                                  text9        00761
___aldiv@counter                          cstackBANK1  000A9
___aldiv@dividend                         cstackBANK1  000A4
___aldiv@divisor                          cstackBANK1  000A0
___aldiv@quotient                         cstackBANK1  000AB
___aldiv@sign                             cstackBANK1  000AA
___int_sp                                 stack        00000
___latbits                                (abs)        00002
___sp                                     stack        00000
__end_of_CONVERT_Data_1                   text11       00ED3
__end_of_CONVERT_Data_11Byte              text24       00DDF
__end_of_CONVERT_Data_5Byte               text23       00E59
__end_of_CRC16_INIT                       stringtext3  0100B
__end_of_CRC16_POLYNOMIAL                 stringtext4  0100D
__end_of_CRC32_POLYNOMIAL                 stringtext2  01009
__end_of_CRC8_INIT                        stringtext5  0100F
__end_of_CRC8_POLYNOMIAL                  stringtext6  01002
__end_of_ISR                              intentry     0012E
__end_of_UART2_Data_Ready                 text10       00B1A
__end_of_UART2_Init                       text8        005FF
__end_of_UART2_Read                       text7        00B5D
__end_of_UART2_Read_Text                  text6        00B9F
__end_of_UART2_Write                      text22       00B25
__end_of_UART2_Write_Text                 text21       00B7C
__end_of_UART2_Write_Text_Phan_Tu_Thu_13  text20       00BFA
__end_of_UART2_Write_Text_Phan_Tu_Thu_7   text19       00C29
__end_of_UART2_Write_Text_Phan_Tu_Thu_8   text18       00C58
__end_of_UART_Data_Ready                  text17       00B14
__end_of_UART_Init                        text5        01000
__end_of_UART_Read                        text16       00B48
__end_of_UART_TX_Empty                    text4        00B09
__end_of_UART_Write                       text3        00B33
__end_of_UART_Write_Text_Length           text2        00BCB
__end_of___aldiv                          text9        007FA
__end_of__initialization                  cinit        00149
__end_of_config_interrupt                 text1        00B0E
__end_of_crc16                            text13       006B0
__end_of_crc32_lookup_table               stringtext1  0054D
__end_of_main                             maintext     00D65
__end_of_reflect_byte                     text12       00CF3
__end_ofi1_CONVERT_Data_1                 text15       00F51
__end_ofi1_crc16                          text26       00761
__end_ofi1_reflect_byte                   text25       00CA5
__initialization                          cinit        00130
__pbssBANK0                               bssBANK0     0005F
__pbssBANK1                               bssBANK1     000D8
__pbssBANK2                               bssBANK2     00120
__pbssCOMMON                              bssCOMMON    0007D
__pcstackBANK0                            cstackBANK0  00020
__pcstackBANK1                            cstackBANK1  000A0
__pcstackCOMMON                           cstackCOMMON 00070
__pintentry                               intentry     00004
__pmaintext                               maintext     00CF3
__pstringtext1                            stringtext1  0014D
__pstringtext2                            stringtext2  01005
__pstringtext3                            stringtext3  01009
__pstringtext4                            stringtext4  0100B
__pstringtext5                            stringtext5  0100D
__pstringtext6                            stringtext6  01000
__pstringtext7                            stringtext7  00000
__ptext1                                  text1        00B09
__ptext10                                 text10       00B14
__ptext11                                 text11       00E59
__ptext12                                 text12       00CA5
__ptext13                                 text13       005FF
__ptext15                                 text15       00ED3
__ptext16                                 text16       00B33
__ptext17                                 text17       00B0E
__ptext18                                 text18       00C29
__ptext19                                 text19       00BFA
__ptext2                                  text2        00B9F
__ptext20                                 text20       00BCB
__ptext21                                 text21       00B5D
__ptext22                                 text22       00B1A
__ptext23                                 text23       00DDF
__ptext24                                 text24       00D65
__ptext25                                 text25       00C58
__ptext26                                 text26       006B0
__ptext3                                  text3        00B25
__ptext4                                  text4        00B04
__ptext5                                  text5        00F51
__ptext6                                  text6        00B7C
__ptext7                                  text7        00B48
__ptext8                                  text8        0054D
__ptext9                                  text9        00761
__size_of_CONVERT_Data_1                  (abs)        00000
__size_of_CONVERT_Data_11Byte             (abs)        00000
__size_of_CONVERT_Data_5Byte              (abs)        00000
__size_of_ISR                             (abs)        00000
__size_of_UART2_Data_Ready                (abs)        00000
__size_of_UART2_Init                      (abs)        00000
__size_of_UART2_Read                      (abs)        00000
__size_of_UART2_Read_Text                 (abs)        00000
__size_of_UART2_Write                     (abs)        00000
__size_of_UART2_Write_Text                (abs)        00000
__size_of_UART2_Write_Text_Phan_Tu_Thu_13 (abs)        00000
__size_of_UART2_Write_Text_Phan_Tu_Thu_7  (abs)        00000
__size_of_UART2_Write_Text_Phan_Tu_Thu_8  (abs)        00000
__size_of_UART_Data_Ready                 (abs)        00000
__size_of_UART_Init                       (abs)        00000
__size_of_UART_Read                       (abs)        00000
__size_of_UART_TX_Empty                   (abs)        00000
__size_of_UART_Write                      (abs)        00000
__size_of_UART_Write_Text_Length          (abs)        00000
__size_of___aldiv                         (abs)        00000
__size_of_config_interrupt                (abs)        00000
__size_of_crc16                           (abs)        00000
__size_of_main                            (abs)        00000
__size_of_reflect_byte                    (abs)        00000
__size_ofi1_CONVERT_Data_1                (abs)        00000
__size_ofi1_crc16                         (abs)        00000
__size_ofi1_reflect_byte                  (abs)        00000
_config_interrupt                         text1        00B09
_crc16                                    text13       005FF
_crc32_lookup_table                       stringtext1  0014D
_main                                     maintext     00CF3
_reflect_byte                             text12       00CA5
btemp                                     (abs)        0007E
clear_ram0                                clrtext      007FA
crc16@crc                                 cstackBANK1  000B0
crc16@crcData                             cstackBANK1  000AF
crc16@dataLen                             cstackBANK1  000A0
crc16@i                                   cstackBANK1  000AE
crc16@iByte                               cstackBANK1  000AC
end_of_initialization                     cinit        00149
i1CONVERT_Data_1@crc                      cstackBANK0  00039
i1CONVERT_Data_1@i                        cstackBANK0  0003B
i1CONVERT_Data_1@input                    cstackBANK0  0002A
i1CONVERT_Data_1@input_ref                cstackBANK0  0002B
i1CONVERT_Data_1@output                   cstackBANK0  00037
i1CONVERT_Data_1@output_ref               cstackCOMMON 0007C
i1CONVERT_Data_1@txt                      cstackBANK0  00031
i1_CONVERT_Data_1                         text15       00ED3
i1_crc16                                  text26       006B0
i1_reflect_byte                           text25       00C58
i1crc16@crc                               cstackBANK0  00024
i1crc16@crcData                           cstackBANK0  00022
i1crc16@dataLen                           cstackCOMMON 00070
i1crc16@i                                 cstackBANK0  00023
i1crc16@iByte                             cstackBANK0  00020
i1reflect_byte@byte                       cstackCOMMON 00075
i1reflect_byte@byte_ref                   cstackCOMMON 00070
i1reflect_byte@i                          cstackCOMMON 00078
i1reflect_byte@index                      cstackCOMMON 00071
i1reflect_byte@j                          cstackCOMMON 00077
i1reflect_byte@temp                       cstackCOMMON 00076
int$flags                                 (abs)        0007E
intlevel0                                 functab      00000
intlevel1                                 functab      00000
intlevel2                                 functab      00000
intlevel3                                 functab      00000
intlevel4                                 functab      00000
intlevel5                                 functab      00000
main@F4706                                bssBANK1     000EA
main@F4710                                bssBANK2     00143
main@F4712                                bssBANK1     000E4
main@crc_code                             cstackBANK1  000D6
main@data                                 cstackBANK1  000CE
main@j                                    cstackBANK1  000CB
main@temp                                 cstackBANK1  000CD
reflect_byte@byte                         cstackBANK1  000A7
reflect_byte@byte_ref                     cstackBANK1  000A0
reflect_byte@i                            cstackBANK1  000A8
reflect_byte@index                        cstackBANK1  000A1
reflect_byte@j                            cstackBANK1  000A6
reflect_byte@temp                         cstackBANK1  000A5
reset_vec                                 reset_vec    00000
stackhi                                   (abs)        021EF
stacklo                                   (abs)        020D7
start                                     init         0012E
start_initialization                      cinit        00130
wtemp0                                    (abs)        0007E


FUNCTION INFORMATION:

 *************** function _main *****************
 Defined at:
		line 255 in file "main.c"
 Parameters:    Size  Location     Type
		None
 Auto vars:     Size  Location     Type
  data            8   46[BANK1 ] unsigned char [8]
  crc_code        2   54[BANK1 ] unsigned char [2]
  j               2   43[BANK1 ] unsigned int 
  i               2    0        unsigned int 
  temp            1   45[BANK1 ] unsigned char [1]
 Return value:  Size  Location     Type
                  1    wreg      void 
 Registers used:
		wreg, fsr0l, fsr0h, fsr1l, fsr1h, status,2, status,0, pclath, cstack
 Tracked objects:
		On entry : 
		On exit  : 
		Unchanged: 
 Data sizes:     COMMON   BANK0   BANK1   BANK2   BANK3   BANK4   BANK5   BANK6
      Params:         0       0       0       0       0       0       0       0
      Locals:         0       0      13       0       0       0       0       0
      Temps:          0       0       1       0       0       0       0       0
      Totals:         0       0      14       0       0       0       0       0
Total ram usage:       14 bytes
 Hardware stack levels required when called:    5
 This function calls:
		_CONVERT_Data_1
		_UART2_Data_Ready
		_UART2_Init
		_UART2_Read_Text
		_UART_Init
		_UART_TX_Empty
		_UART_Write_Text_Length
		_config_interrupt
 This function is called by:
		Startup code after reset
 This function uses a non-reentrant model


 *************** function _config_interrupt *****************
 Defined at:
		line 156 in file "main.c"
 Parameters:    Size  Location     Type
		None
 Auto vars:     Size  Location     Type
		None
 Return value:  Size  Location     Type
                  1    wreg      void 
 Registers used:
		wreg
 Tracked objects:
		On entry : 
		On exit  : 
		Unchanged: 
 Data sizes:     COMMON   BANK0   BANK1   BANK2   BANK3   BANK4   BANK5   BANK6
      Params:         0       0       0       0       0       0       0       0
      Locals:         0       0       0       0       0       0       0       0
      Temps:          0       0       0       0       0       0       0       0
      Totals:         0       0       0       0       0       0       0       0
Total ram usage:        0 bytes
 Hardware stack levels used:    1
 Hardware stack levels required when called:    3
 This function calls:
		Nothing
 This function is called by:
		_main
 This function uses a non-reentrant model


 *************** function _UART_Write_Text_Length *****************
 Defined at:
		line 69 in file "./uart.h"
 Parameters:    Size  Location     Type
  str             1    wreg     PTR unsigned char 
		 -> main@data(8), 
  length          2    1[BANK1 ] int 
 Auto vars:     Size  Location     Type
  str             1    4[BANK1 ] PTR unsigned char 
		 -> main@data(8), 
  count           2    5[BANK1 ] volatile int 
 Return value:  Size  Location     Type
                  1    wreg      void 
 Registers used:
		wreg, fsr1l, fsr1h, status,2, status,0, pclath, cstack
 Tracked objects:
		On entry : 
		On exit  : 
		Unchanged: 
 Data sizes:     COMMON   BANK0   BANK1   BANK2   BANK3   BANK4   BANK5   BANK6
      Params:         0       0       2       0       0       0       0       0
      Locals:         0       0       3       0       0       0       0       0
      Temps:          0       0       1       0       0       0       0       0
      Totals:         0       0       6       0       0       0       0       0
Total ram usage:        6 bytes
 Hardware stack levels used:    1
 Hardware stack levels required when called:    4
 This function calls:
		_UART_Write
 This function is called by:
		_main
 This function uses a non-reentrant model


 *************** function _UART_Write *****************
 Defined at:
		line 54 in file "./uart.h"
 Parameters:    Size  Location     Type
  data            1    wreg     unsigned char 
 Auto vars:     Size  Location     Type
  data            1    0[BANK1 ] unsigned char 
 Return value:  Size  Location     Type
                  1    wreg      void 
 Registers used:
		wreg
 Tracked objects:
		On entry : 
		On exit  : 
		Unchanged: 
 Data sizes:     COMMON   BANK0   BANK1   BANK2   BANK3   BANK4   BANK5   BANK6
      Params:         0       0       0       0       0       0       0       0
      Locals:         0       0       1       0       0       0       0       0
      Temps:          0       0       0       0       0       0       0       0
      Totals:         0       0       1       0       0       0       0       0
Total ram usage:        1 bytes
 Hardware stack levels used:    1
 Hardware stack levels required when called:    3
 This function calls:
		Nothing
 This function is called by:
		_UART_Write_Text_Length
		_UART_Write_Text
 This function uses a non-reentrant model


 *************** function _UART_TX_Empty *****************
 Defined at:
		line 24 in file "./uart.h"
 Parameters:    Size  Location     Type
		None
 Auto vars:     Size  Location     Type
		None
 Return value:  Size  Location     Type
                  1    wreg      unsigned char 
 Registers used:
		wreg, status,2, status,0
 Tracked objects:
		On entry : 
		On exit  : 
		Unchanged: 
 Data sizes:     COMMON   BANK0   BANK1   BANK2   BANK3   BANK4   BANK5   BANK6
      Params:         0       0       0       0       0       0       0       0
      Locals:         0       0       0       0       0       0       0       0
      Temps:          0       0       0       0       0       0       0       0
      Totals:         0       0       0       0       0       0       0       0
Total ram usage:        0 bytes
 Hardware stack levels used:    1
 Hardware stack levels required when called:    3
 This function calls:
		Nothing
 This function is called by:
		_main
 This function uses a non-reentrant model


 *************** function _UART_Init *****************
 Defined at:
		line 1 in file "./uart.h"
 Parameters:    Size  Location     Type
  baudrate        4   15[BANK1 ] const long 
 Auto vars:     Size  Location     Type
  x               2   27[BANK1 ] unsigned int 
 Return value:  Size  Location     Type
                  1    wreg      unsigned char 
 Registers used:
		wreg, status,2, status,0, pclath, cstack
 Tracked objects:
		On entry : 
		On exit  : 
		Unchanged: 
 Data sizes:     COMMON   BANK0   BANK1   BANK2   BANK3   BANK4   BANK5   BANK6
      Params:         0       0       4       0       0       0       0       0
      Locals:         0       0       2       0       0       0       0       0
      Temps:          0       0       8       0       0       0       0       0
      Totals:         0       0      14       0       0       0       0       0
Total ram usage:       14 bytes
 Hardware stack levels used:    1
 Hardware stack levels required when called:    4
 This function calls:
		___aldiv
 This function is called by:
		_main
 This function uses a non-reentrant model


 *************** function _UART2_Read_Text *****************
 Defined at:
		line 42 in file "./uart2.h"
 Parameters:    Size  Location     Type
  Output          1    wreg     PTR unsigned char 
		 -> main@data(8), 
  length          2    0[BANK1 ] unsigned int 
 Auto vars:     Size  Location     Type
  Output          1    4[BANK1 ] PTR unsigned char 
		 -> main@data(8), 
  i               2    5[BANK1 ] unsigned int 
 Return value:  Size  Location     Type
                  1    wreg      void 
 Registers used:
		wreg, fsr1l, fsr1h, status,2, status,0, pclath, cstack
 Tracked objects:
		On entry : 
		On exit  : 
		Unchanged: 
 Data sizes:     COMMON   BANK0   BANK1   BANK2   BANK3   BANK4   BANK5   BANK6
      Params:         0       0       2       0       0       0       0       0
      Locals:         0       0       3       0       0       0       0       0
      Temps:          0       0       2       0       0       0       0       0
      Totals:         0       0       7       0       0       0       0       0
Total ram usage:        7 bytes
 Hardware stack levels used:    1
 Hardware stack levels required when called:    4
 This function calls:
		_UART2_Read
 This function is called by:
		_main
 This function uses a non-reentrant model


 *************** function _UART2_Read *****************
 Defined at:
		line 30 in file "./uart2.h"
 Parameters:    Size  Location     Type
		None
 Auto vars:     Size  Location     Type
		None
 Return value:  Size  Location     Type
                  1    wreg      unsigned char 
 Registers used:
		wreg
 Tracked objects:
		On entry : 
		On exit  : 
		Unchanged: 
 Data sizes:     COMMON   BANK0   BANK1   BANK2   BANK3   BANK4   BANK5   BANK6
      Params:         0       0       0       0       0       0       0       0
      Locals:         0       0       0       0       0       0       0       0
      Temps:          0       0       0       0       0       0       0       0
      Totals:         0       0       0       0       0       0       0       0
Total ram usage:        0 bytes
 Hardware stack levels used:    1
 Hardware stack levels required when called:    3
 This function calls:
		Nothing
 This function is called by:
		_UART2_Read_Text
 This function uses a non-reentrant model


 *************** function _UART2_Init *****************
 Defined at:
		line 1 in file "./uart2.h"
 Parameters:    Size  Location     Type
  baudrate        4   15[BANK1 ] const long 
 Auto vars:     Size  Location     Type
  x               2   27[BANK1 ] unsigned int 
 Return value:  Size  Location     Type
                  1    wreg      unsigned char 
 Registers used:
		wreg, status,2, status,0, pclath, cstack
 Tracked objects:
		On entry : 
		On exit  : 
		Unchanged: 
 Data sizes:     COMMON   BANK0   BANK1   BANK2   BANK3   BANK4   BANK5   BANK6
      Params:         0       0       4       0       0       0       0       0
      Locals:         0       0       2       0       0       0       0       0
      Temps:          0       0       8       0       0       0       0       0
      Totals:         0       0      14       0       0       0       0       0
Total ram usage:       14 bytes
 Hardware stack levels used:    1
 Hardware stack levels required when called:    4
 This function calls:
		___aldiv
 This function is called by:
		_main
 This function uses a non-reentrant model


 *************** function ___aldiv *****************
 Defined at:
		line 5 in file "C:\Program Files (x86)\Microchip\xc8\v2.00\pic\sources\c99\common\aldiv.c"
 Parameters:    Size  Location     Type
  divisor         4    0[BANK1 ] long 
  dividend        4    4[BANK1 ] long 
 Auto vars:     Size  Location     Type
  quotient        4   11[BANK1 ] long 
  sign            1   10[BANK1 ] unsigned char 
  counter         1    9[BANK1 ] unsigned char 
 Return value:  Size  Location     Type
                  4    0[BANK1 ] long 
 Registers used:
		wreg, status,2, status,0
 Tracked objects:
		On entry : 
		On exit  : 
		Unchanged: 
 Data sizes:     COMMON   BANK0   BANK1   BANK2   BANK3   BANK4   BANK5   BANK6
      Params:         0       0       8       0       0       0       0       0
      Locals:         0       0       6       0       0       0       0       0
      Temps:          0       0       1       0       0       0       0       0
      Totals:         0       0      15       0       0       0       0       0
Total ram usage:       15 bytes
 Hardware stack levels used:    1
 Hardware stack levels required when called:    3
 This function calls:
		Nothing
 This function is called by:
		_UART_Init
		_UART2_Init
 This function uses a non-reentrant model


 *************** function _UART2_Data_Ready *****************
 Defined at:
		line 26 in file "./uart2.h"
 Parameters:    Size  Location     Type
		None
 Auto vars:     Size  Location     Type
		None
 Return value:  Size  Location     Type
                  1    wreg      unsigned char 
 Registers used:
		wreg, status,2, status,0
 Tracked objects:
		On entry : 
		On exit  : 
		Unchanged: 
 Data sizes:     COMMON   BANK0   BANK1   BANK2   BANK3   BANK4   BANK5   BANK6
      Params:         0       0       0       0       0       0       0       0
      Locals:         0       0       0       0       0       0       0       0
      Temps:          0       0       0       0       0       0       0       0
      Totals:         0       0       0       0       0       0       0       0
Total ram usage:        0 bytes
 Hardware stack levels used:    1
 Hardware stack levels required when called:    3
 This function calls:
		Nothing
 This function is called by:
		_main
 This function uses a non-reentrant model


 *************** function _CONVERT_Data_1 *****************
 Defined at:
		line 75 in file "main.c"
 Parameters:    Size  Location     Type
  input           1    wreg     PTR unsigned char 
		 -> main@data(8), ISR@data1(13), 
  output_ref      1   20[BANK1 ] PTR unsigned char 
		 -> main@crc_code(2), ISR@crc_code_1(2), 
 Auto vars:     Size  Location     Type
  input           1   37[BANK1 ] PTR unsigned char 
		 -> main@data(8), ISR@data1(13), 
  i               2   40[BANK1 ] unsigned int 
  input_ref       6   29[BANK1 ] unsigned char [6]
  txt             6   23[BANK1 ] unsigned char [6]
  output          2   35[BANK1 ] unsigned char [2]
  crc             2   38[BANK1 ] unsigned int 
 Return value:  Size  Location     Type
                  1    wreg      void 
 Registers used:
		wreg, fsr0l, fsr0h, fsr1l, fsr1h, status,2, status,0, pclath, cstack
 Tracked objects:
		On entry : 
		On exit  : 
		Unchanged: 
 Data sizes:     COMMON   BANK0   BANK1   BANK2   BANK3   BANK4   BANK5   BANK6
      Params:         0       0       1       0       0       0       0       0
      Locals:         0       0      19       0       0       0       0       0
      Temps:          0       0       2       0       0       0       0       0
      Totals:         0       0      22       0       0       0       0       0
Total ram usage:       22 bytes
 Hardware stack levels used:    1
 Hardware stack levels required when called:    4
 This function calls:
		_crc16
		_reflect_byte
 This function is called by:
		_main
 This function uses a non-reentrant model


 *************** function _reflect_byte *****************
 Defined at:
		line 1 in file "./reflect_byte.h"
 Parameters:    Size  Location     Type
  byte            1    wreg     PTR unsigned char 
		 -> main@data(8), ISR@data1(13), CONVERT_Data_11Byte@output(2), CONVERT_Data_5Byte@output(2), 
		 -> CONVERT_Data_1@output(2), CONVERT_Data_6Byte@output(2), 
  byte_ref        1    0[BANK1 ] PTR unsigned char 
		 -> main@crc_code(2), ISR@crc_code_1(2), CONVERT_Data_11Byte@input_ref(11), CONVERT_Data_5Byte@input_ref(5), 
		 -> CONVERT_Data_1@input_ref(6), CONVERT_Data_6Byte@input_ref(6), 
  index           1    1[BANK1 ] unsigned char 
 Auto vars:     Size  Location     Type
  byte            1    7[BANK1 ] PTR unsigned char 
		 -> main@data(8), ISR@data1(13), CONVERT_Data_11Byte@output(2), CONVERT_Data_5Byte@output(2), 
		 -> CONVERT_Data_1@output(2), CONVERT_Data_6Byte@output(2), 
  i               1    8[BANK1 ] unsigned char 
  j               1    6[BANK1 ] unsigned char 
  temp            1    5[BANK1 ] unsigned char 
 Return value:  Size  Location     Type
                  1    wreg      void 
 Registers used:
		wreg, fsr1l, fsr1h, status,2, status,0
 Tracked objects:
		On entry : 
		On exit  : 
		Unchanged: 
 Data sizes:     COMMON   BANK0   BANK1   BANK2   BANK3   BANK4   BANK5   BANK6
      Params:         0       0       2       0       0       0       0       0
      Locals:         0       0       4       0       0       0       0       0
      Temps:          0       0       3       0       0       0       0       0
      Totals:         0       0       9       0       0       0       0       0
Total ram usage:        9 bytes
 Hardware stack levels used:    1
 Hardware stack levels required when called:    3
 This function calls:
		Nothing
 This function is called by:
		_CONVERT_Data_1
		_CONVERT_Data_6Byte
 This function uses a non-reentrant model


 *************** function _crc16 *****************
 Defined at:
		line 167 in file "./crcLIBhex.h"
 Parameters:    Size  Location     Type
  crcData         1    wreg     PTR unsigned char 
		 -> CONVERT_Data_11Byte@txt(11), CONVERT_Data_5Byte@txt(5), CONVERT_Data_1@txt(6), CONVERT_Data_6Byte@txt(6), 
  dataLen         2    0[BANK1 ] unsigned int 
 Auto vars:     Size  Location     Type
  crcData         1   15[BANK1 ] PTR unsigned char 
		 -> CONVERT_Data_11Byte@txt(11), CONVERT_Data_5Byte@txt(5), CONVERT_Data_1@txt(6), CONVERT_Data_6Byte@txt(6), 
  crc             4   16[BANK1 ] unsigned long 
  iByte           2   12[BANK1 ] unsigned int 
  i               1   14[BANK1 ] unsigned char 
 Return value:  Size  Location     Type
                  2    0[BANK1 ] unsigned int 
 Registers used:
		wreg, fsr0l, fsr0h, fsr1l, fsr1h, status,2, status,0, pclath
 Tracked objects:
		On entry : 
		On exit  : 
		Unchanged: 
 Data sizes:     COMMON   BANK0   BANK1   BANK2   BANK3   BANK4   BANK5   BANK6
      Params:         0       0       2       0       0       0       0       0
      Locals:         0       0       8       0       0       0       0       0
      Temps:          0       0      10       0       0       0       0       0
      Totals:         0       0      20       0       0       0       0       0
Total ram usage:       20 bytes
 Hardware stack levels used:    1
 Hardware stack levels required when called:    3
 This function calls:
		Nothing
 This function is called by:
		_CONVERT_Data_1
		_CONVERT_Data_6Byte
 This function uses a non-reentrant model


 *************** function _ISR *****************
 Defined at:
		line 166 in file "main.c"
 Parameters:    Size  Location     Type
		None
 Auto vars:     Size  Location     Type
  i               2   57[BANK0 ] int 
  data1          13   44[BANK0 ] unsigned char [13]
  crc_code_1      2   61[BANK0 ] volatile unsigned char [
  flag            1   60[BANK0 ] volatile unsigned char 
  len             1   59[BANK0 ] volatile unsigned char 
 Return value:  Size  Location     Type
                  1    wreg      void 
 Registers used:
		wreg, fsr0l, fsr0h, fsr1l, fsr1h, status,2, status,0, pclath, cstack
 Tracked objects:
		On entry : 
		On exit  : 
		Unchanged: 
 Data sizes:     COMMON   BANK0   BANK1   BANK2   BANK3   BANK4   BANK5   BANK6
      Params:         0       0       0       0       0       0       0       0
      Locals:         0      19       0       0       0       0       0       0
      Temps:          0       5       0       0       0       0       0       0
      Totals:         0      24       0       0       0       0       0       0
Total ram usage:       24 bytes
 Hardware stack levels used:    1
 Hardware stack levels required when called:    2
 This function calls:
		_CONVERT_Data_11Byte
		_CONVERT_Data_5Byte
		_UART2_Write_Text
		_UART2_Write_Text_Phan_Tu_Thu_13
		_UART2_Write_Text_Phan_Tu_Thu_7
		_UART2_Write_Text_Phan_Tu_Thu_8
		_UART_Data_Ready
		_UART_Read
		i1_CONVERT_Data_1
 This function is called by:
		Interrupt level 1
 This function uses a non-reentrant model


 *************** function i1_CONVERT_Data_1 *****************
 Defined at:
		line 75 in file "main.c"
 Parameters:    Size  Location     Type
  input           1    wreg     PTR unsigned char 
		 -> main@data(8), ISR@data1(13), 
  output_ref      1   12[COMMON] PTR unsigned char 
		 -> main@crc_code(2), ISR@crc_code_1(2), 
 Auto vars:     Size  Location     Type
  input           1   10[BANK0 ] PTR unsigned char 
		 -> main@data(8), ISR@data1(13), 
  CONVERT_Data    6   17[BANK0 ] unsigned char [6]
  CONVERT_Data    6   11[BANK0 ] unsigned char [6]
  CONVERT_Data    2   27[BANK0 ] unsigned int 
  CONVERT_Data    2   23[BANK0 ] unsigned char [2]
  CONVERT_Data    2   25[BANK0 ] unsigned int 
 Return value:  Size  Location     Type
                  1    wreg      void 
 Registers used:
		wreg, fsr0l, fsr0h, fsr1l, fsr1h, status,2, status,0, pclath, cstack
 Tracked objects:
		On entry : 
		On exit  : 
		Unchanged: 
 Data sizes:     COMMON   BANK0   BANK1   BANK2   BANK3   BANK4   BANK5   BANK6
      Params:         1       0       0       0       0       0       0       0
      Locals:         0      19       0       0       0       0       0       0
      Temps:          0       2       0       0       0       0       0       0
      Totals:         1      21       0       0       0       0       0       0
Total ram usage:       22 bytes
 Hardware stack levels used:    1
 Hardware stack levels required when called:    1
 This function calls:
		i1_crc16
		i1_reflect_byte
 This function is called by:
		_ISR
 This function uses a non-reentrant model


 *************** function _UART_Read *****************
 Defined at:
		line 33 in file "./uart.h"
 Parameters:    Size  Location     Type
		None
 Auto vars:     Size  Location     Type
		None
 Return value:  Size  Location     Type
                  1    wreg      unsigned char 
 Registers used:
		wreg
 Tracked objects:
		On entry : 
		On exit  : 
		Unchanged: 
 Data sizes:     COMMON   BANK0   BANK1   BANK2   BANK3   BANK4   BANK5   BANK6
      Params:         0       0       0       0       0       0       0       0
      Locals:         0       0       0       0       0       0       0       0
      Temps:          0       0       0       0       0       0       0       0
      Totals:         0       0       0       0       0       0       0       0
Total ram usage:        0 bytes
 Hardware stack levels used:    1
 This function calls:
		Nothing
 This function is called by:
		_ISR
		_UART_Read_Text
 This function uses a non-reentrant model


 *************** function _UART_Data_Ready *****************
 Defined at:
		line 29 in file "./uart.h"
 Parameters:    Size  Location     Type
		None
 Auto vars:     Size  Location     Type
		None
 Return value:  Size  Location     Type
                  1    wreg      unsigned char 
 Registers used:
		wreg, status,2, status,0
 Tracked objects:
		On entry : 
		On exit  : 
		Unchanged: 
 Data sizes:     COMMON   BANK0   BANK1   BANK2   BANK3   BANK4   BANK5   BANK6
      Params:         0       0       0       0       0       0       0       0
      Locals:         0       0       0       0       0       0       0       0
      Temps:          0       0       0       0       0       0       0       0
      Totals:         0       0       0       0       0       0       0       0
Total ram usage:        0 bytes
 Hardware stack levels used:    1
 This function calls:
		Nothing
 This function is called by:
		_ISR
 This function uses a non-reentrant model


 *************** function _UART2_Write_Text_Phan_Tu_Thu_8 *****************
 Defined at:
		line 66 in file "./uart2.h"
 Parameters:    Size  Location     Type
  text            1    wreg     PTR unsigned char 
		 -> ISR@data1(13), 
 Auto vars:     Size  Location     Type
  text            1    2[COMMON] PTR unsigned char 
		 -> ISR@data1(13), 
  i               2    3[COMMON] int 
 Return value:  Size  Location     Type
                  1    wreg      void 
 Registers used:
		wreg, fsr1l, fsr1h, status,2, status,0, pclath, cstack
 Tracked objects:
		On entry : 
		On exit  : 
		Unchanged: 
 Data sizes:     COMMON   BANK0   BANK1   BANK2   BANK3   BANK4   BANK5   BANK6
      Params:         0       0       0       0       0       0       0       0
      Locals:         3       0       0       0       0       0       0       0
      Temps:          1       0       0       0       0       0       0       0
      Totals:         4       0       0       0       0       0       0       0
Total ram usage:        4 bytes
 Hardware stack levels used:    1
 Hardware stack levels required when called:    1
 This function calls:
		_UART2_Write
 This function is called by:
		_ISR
 This function uses a non-reentrant model


 *************** function _UART2_Write_Text_Phan_Tu_Thu_7 *****************
 Defined at:
		line 60 in file "./uart2.h"
 Parameters:    Size  Location     Type
  text            1    wreg     PTR unsigned char 
		 -> ISR@data1(13), 
 Auto vars:     Size  Location     Type
  text            1    2[COMMON] PTR unsigned char 
		 -> ISR@data1(13), 
  i               2    3[COMMON] int 
 Return value:  Size  Location     Type
                  1    wreg      void 
 Registers used:
		wreg, fsr1l, fsr1h, status,2, status,0, pclath, cstack
 Tracked objects:
		On entry : 
		On exit  : 
		Unchanged: 
 Data sizes:     COMMON   BANK0   BANK1   BANK2   BANK3   BANK4   BANK5   BANK6
      Params:         0       0       0       0       0       0       0       0
      Locals:         3       0       0       0       0       0       0       0
      Temps:          1       0       0       0       0       0       0       0
      Totals:         4       0       0       0       0       0       0       0
Total ram usage:        4 bytes
 Hardware stack levels used:    1
 Hardware stack levels required when called:    1
 This function calls:
		_UART2_Write
 This function is called by:
		_ISR
 This function uses a non-reentrant model


 *************** function _UART2_Write_Text_Phan_Tu_Thu_13 *****************
 Defined at:
		line 73 in file "./uart2.h"
 Parameters:    Size  Location     Type
  text            1    wreg     PTR unsigned char 
		 -> ISR@data1(13), 
 Auto vars:     Size  Location     Type
  text            1    2[COMMON] PTR unsigned char 
		 -> ISR@data1(13), 
  i               2    3[COMMON] int 
 Return value:  Size  Location     Type
                  1    wreg      void 
 Registers used:
		wreg, fsr1l, fsr1h, status,2, status,0, pclath, cstack
 Tracked objects:
		On entry : 
		On exit  : 
		Unchanged: 
 Data sizes:     COMMON   BANK0   BANK1   BANK2   BANK3   BANK4   BANK5   BANK6
      Params:         0       0       0       0       0       0       0       0
      Locals:         3       0       0       0       0       0       0       0
      Temps:          1       0       0       0       0       0       0       0
      Totals:         4       0       0       0       0       0       0       0
Total ram usage:        4 bytes
 Hardware stack levels used:    1
 Hardware stack levels required when called:    1
 This function calls:
		_UART2_Write
 This function is called by:
		_ISR
 This function uses a non-reentrant model


 *************** function _UART2_Write_Text *****************
 Defined at:
		line 55 in file "./uart2.h"
 Parameters:    Size  Location     Type
  text            2    1[COMMON] PTR unsigned char 
		 -> STR_3(3), STR_2(3), STR_1(3), 
 Auto vars:     Size  Location     Type
  i               2    4[COMMON] int 
 Return value:  Size  Location     Type
                  1    wreg      void 
 Registers used:
		wreg, fsr0l, fsr0h, status,2, status,0, pclath, cstack
 Tracked objects:
		On entry : 
		On exit  : 
		Unchanged: 
 Data sizes:     COMMON   BANK0   BANK1   BANK2   BANK3   BANK4   BANK5   BANK6
      Params:         2       0       0       0       0       0       0       0
      Locals:         2       0       0       0       0       0       0       0
      Temps:          1       0       0       0       0       0       0       0
      Totals:         5       0       0       0       0       0       0       0
Total ram usage:        5 bytes
 Hardware stack levels used:    1
 Hardware stack levels required when called:    1
 This function calls:
		_UART2_Write
 This function is called by:
		_ISR
 This function uses a non-reentrant model


 *************** function _UART2_Write *****************
 Defined at:
		line 50 in file "./uart2.h"
 Parameters:    Size  Location     Type
  data            1    wreg     unsigned char 
 Auto vars:     Size  Location     Type
  data            1    0[COMMON] unsigned char 
 Return value:  Size  Location     Type
                  1    wreg      void 
 Registers used:
		wreg
 Tracked objects:
		On entry : 
		On exit  : 
		Unchanged: 
 Data sizes:     COMMON   BANK0   BANK1   BANK2   BANK3   BANK4   BANK5   BANK6
      Params:         0       0       0       0       0       0       0       0
      Locals:         1       0       0       0       0       0       0       0
      Temps:          0       0       0       0       0       0       0       0
      Totals:         1       0       0       0       0       0       0       0
Total ram usage:        1 bytes
 Hardware stack levels used:    1
 This function calls:
		Nothing
 This function is called by:
		_UART2_Write_Text
		_UART2_Write_Text_Phan_Tu_Thu_7
		_UART2_Write_Text_Phan_Tu_Thu_8
		_UART2_Write_Text_Phan_Tu_Thu_13
		_UART2_Write_Text_2
		_UART2_Write_Text_Length
 This function uses a non-reentrant model


 *************** function _CONVERT_Data_5Byte *****************
 Defined at:
		line 102 in file "main.c"
 Parameters:    Size  Location     Type
  input           1    wreg     PTR unsigned char 
		 -> ISR@data1(13), 
  output_ref      1   12[COMMON] PTR unsigned char 
		 -> ISR@crc_code_1(2), 
 Auto vars:     Size  Location     Type
  input           1   20[BANK0 ] PTR unsigned char 
		 -> ISR@data1(13), 
  i               2   25[BANK0 ] unsigned int 
  input_ref       5   15[BANK0 ] unsigned char [5]
  txt             5   10[BANK0 ] unsigned char [5]
  output          2   21[BANK0 ] unsigned char [2]
  crc             2   23[BANK0 ] unsigned int 
 Return value:  Size  Location     Type
                  1    wreg      void 
 Registers used:
		wreg, fsr0l, fsr0h, fsr1l, fsr1h, status,2, status,0, pclath, cstack
 Tracked objects:
		On entry : 
		On exit  : 
		Unchanged: 
 Data sizes:     COMMON   BANK0   BANK1   BANK2   BANK3   BANK4   BANK5   BANK6
      Params:         1       0       0       0       0       0       0       0
      Locals:         0      17       0       0       0       0       0       0
      Temps:          0       2       0       0       0       0       0       0
      Totals:         1      19       0       0       0       0       0       0
Total ram usage:       20 bytes
 Hardware stack levels used:    1
 Hardware stack levels required when called:    1
 This function calls:
		i1_crc16
		i1_reflect_byte
 This function is called by:
		_ISR
 This function uses a non-reentrant model


 *************** function _CONVERT_Data_11Byte *****************
 Defined at:
		line 130 in file "main.c"
 Parameters:    Size  Location     Type
  input           1    wreg     PTR unsigned char 
		 -> ISR@data1(13), 
  output_ref      1   12[COMMON] PTR unsigned char 
		 -> ISR@crc_code_1(2), 
 Auto vars:     Size  Location     Type
  input           1   32[BANK0 ] PTR unsigned char 
		 -> ISR@data1(13), 
  i               2   37[BANK0 ] unsigned int 
  input_ref      11   21[BANK0 ] unsigned char [11]
  txt            11   10[BANK0 ] unsigned char [11]
  output          2   33[BANK0 ] unsigned char [2]
  crc             2   35[BANK0 ] unsigned int 
 Return value:  Size  Location     Type
                  1    wreg      void 
 Registers used:
		wreg, fsr0l, fsr0h, fsr1l, fsr1h, status,2, status,0, pclath, cstack
 Tracked objects:
		On entry : 
		On exit  : 
		Unchanged: 
 Data sizes:     COMMON   BANK0   BANK1   BANK2   BANK3   BANK4   BANK5   BANK6
      Params:         1       0       0       0       0       0       0       0
      Locals:         0      29       0       0       0       0       0       0
      Temps:          0       2       0       0       0       0       0       0
      Totals:         1      31       0       0       0       0       0       0
Total ram usage:       32 bytes
 Hardware stack levels used:    1
 Hardware stack levels required when called:    1
 This function calls:
		i1_crc16
		i1_reflect_byte
 This function is called by:
		_ISR
 This function uses a non-reentrant model


 *************** function i1_reflect_byte *****************
 Defined at:
		line 1 in file "./reflect_byte.h"
 Parameters:    Size  Location     Type
  byte            1    wreg     PTR unsigned char 
		 -> i1CONVERT_Data_1@output(2), main@data(8), ISR@data1(13), CONVERT_Data_11Byte@output(2), 
		 -> CONVERT_Data_5Byte@output(2), CONVERT_Data_1@output(2), CONVERT_Data_6Byte@output(2), 
  byte_ref        1    0[COMMON] PTR unsigned char 
		 -> i1CONVERT_Data_1@input_ref(6), main@crc_code(2), ISR@crc_code_1(2), CONVERT_Data_11Byte@input_ref(11), 
		 -> CONVERT_Data_5Byte@input_ref(5), CONVERT_Data_1@input_ref(6), CONVERT_Data_6Byte@input_ref(6), 
  index           1    1[COMMON] unsigned char 
 Auto vars:     Size  Location     Type
  byte            1    5[COMMON] PTR unsigned char 
		 -> i1CONVERT_Data_1@output(2), main@data(8), ISR@data1(13), CONVERT_Data_11Byte@output(2), 
		 -> CONVERT_Data_5Byte@output(2), CONVERT_Data_1@output(2), CONVERT_Data_6Byte@output(2), 
  reflect_byte    1    8[COMMON] unsigned char 
  reflect_byte    1    7[COMMON] unsigned char 
  reflect_byte    1    6[COMMON] unsigned char 
 Return value:  Size  Location     Type
                  1    wreg      void 
 Registers used:
		wreg, fsr1l, fsr1h, status,2, status,0
 Tracked objects:
		On entry : 
		On exit  : 
		Unchanged: 
 Data sizes:     COMMON   BANK0   BANK1   BANK2   BANK3   BANK4   BANK5   BANK6
      Params:         2       0       0       0       0       0       0       0
      Locals:         4       0       0       0       0       0       0       0
      Temps:          3       0       0       0       0       0       0       0
      Totals:         9       0       0       0       0       0       0       0
Total ram usage:        9 bytes
 Hardware stack levels used:    1
 This function calls:
		Nothing
 This function is called by:
		_CONVERT_Data_5Byte
		_CONVERT_Data_11Byte
		i1_CONVERT_Data_1
 This function uses a non-reentrant model


 *************** function i1_crc16 *****************
 Defined at:
		line 167 in file "./crcLIBhex.h"
 Parameters:    Size  Location     Type
  crcData         1    wreg     PTR unsigned char 
		 -> i1CONVERT_Data_1@txt(6), CONVERT_Data_11Byte@txt(11), CONVERT_Data_5Byte@txt(5), CONVERT_Data_1@txt(6), 
		 -> CONVERT_Data_6Byte@txt(6), 
  dataLen         2    0[COMMON] unsigned int 
 Auto vars:     Size  Location     Type
  crcData         1    2[BANK0 ] PTR unsigned char 
		 -> i1CONVERT_Data_1@txt(6), CONVERT_Data_11Byte@txt(11), CONVERT_Data_5Byte@txt(5), CONVERT_Data_1@txt(6), 
		 -> CONVERT_Data_6Byte@txt(6), 
  crc16           4    4[BANK0 ] unsigned long 
  crc16           2    0[BANK0 ] unsigned int 
  crc16           1    3[BANK0 ] unsigned char 
 Return value:  Size  Location     Type
                  2    0[COMMON] unsigned int 
 Registers used:
		wreg, fsr0l, fsr0h, fsr1l, fsr1h, status,2, status,0, pclath
 Tracked objects:
		On entry : 
		On exit  : 
		Unchanged: 
 Data sizes:     COMMON   BANK0   BANK1   BANK2   BANK3   BANK4   BANK5   BANK6
      Params:         2       0       0       0       0       0       0       0
      Locals:         0       8       0       0       0       0       0       0
      Temps:         10       0       0       0       0       0       0       0
      Totals:        12       8       0       0       0       0       0       0
Total ram usage:       20 bytes
 Hardware stack levels used:    1
 This function calls:
		Nothing
 This function is called by:
		_CONVERT_Data_5Byte
		_CONVERT_Data_11Byte
		i1_CONVERT_Data_1
 This function uses a non-reentrant model



MODULE INFORMATION

Module		Function		Class		Link	Load	Size
./crcLIBhex.h
		_crc16         		CODE           	05FF	0000	178

./crcLIBhex.h estimated size: 178

./uart.h
		_UART_TX_Empty 		CODE           	0B04	0000	6
		_UART_Read     		CODE           	0B33	0000	22
		_UART_Data_Ready		CODE           	0B0E	0000	7
		_UART_Write_Text_Length		CODE           	0B9F	0000	45
		_UART_Init     		CODE           	0F51	0000	176
		_UART_Write    		CODE           	0B25	0000	15

./uart.h estimated size: 271

shared
		_crc32_lookup_table		STRCODE        	014D	0000	1025
		_CRC8_INIT     		STRCODE        	100D	0000	3
		_CRC16_POLYNOMIAL		STRCODE        	100B	0000	3
		__initialization		CODE           	0130	0000	26
		i1_CONVERT_Data_1		CODE           	0ED3	0000	127
		i1_reflect_byte		CODE           	0C58	0000	78
		i1_crc16       		CODE           	06B0	0000	178
		_CRC16_INIT    		STRCODE        	1009	0000	3
		_CRC8_POLYNOMIAL		STRCODE        	1000	0000	3
		_CRC32_POLYNOMIAL		STRCODE        	0000	0000	0

shared estimated size: 1446

C:\Program Files (x86)\Microchip\xc8\v2.00\pic\sources\c99\common\aldiv.c
		___aldiv       		CODE           	0761	0000	154

C:\Program Files (x86)\Microchip\xc8\v2.00\pic\sources\c99\common\aldiv.c estimated size: 154

./uart2.h
		_UART2_Write   		CODE           	0B1A	0000	12
		_UART2_Data_Ready		CODE           	0B14	0000	7
		_UART2_Read_Text		CODE           	0B7C	0000	36
		_UART2_Write_Text		CODE           	0B5D	0000	32
		_UART2_Write_Text_Phan_Tu_Thu_7		CODE           	0BFA	0000	48
		_UART2_Write_Text_Phan_Tu_Thu_8		CODE           	0C29	0000	48
		_UART2_Init    		CODE           	054D	0000	179
		_UART2_Write_Text_Phan_Tu_Thu_13		CODE           	0BCB	0000	48
		_UART2_Read    		CODE           	0B48	0000	22

./uart2.h estimated size: 432

main.c
		_config_interrupt		CODE           	0B09	0000	6
		_ISR           		CODE           	0004	0000	299
		_CONVERT_Data_1		CODE           	0E59	0000	123
		_main          		CODE           	0CF3	0000	115
		_CONVERT_Data_5Byte		CODE           	0DDF	0000	123
		_CONVERT_Data_11Byte		CODE           	0D65	0000	123

main.c estimated size: 789

./reflect_byte.h
		_reflect_byte  		CODE           	0CA5	0000	79

./reflect_byte.h estimated size: 79

